Copyright 1986-2018 Xilinx, Inc. All Rights Reserved.
--------------------------------------------------------------------------------------------
| Tool Version : Vivado v.2018.3 (win64) Build 2405991 Thu Dec  6 23:38:27 MST 2018
| Date         : Tue Apr 13 14:26:33 2021
| Host         : XD1-005 running 64-bit major release  (build 9200)
| Command      : report_control_sets -verbose -file uP16_BASYS3_top_control_sets_placed.rpt
| Design       : uP16_BASYS3_top
| Device       : xc7a35t
--------------------------------------------------------------------------------------------

Control Set Information

Table of Contents
-----------------
1. Summary
2. Histogram
3. Flip-Flop Distribution
4. Detailed Control Set Information

1. Summary
----------

+----------------------------------------------------------+-------+
|                          Status                          | Count |
+----------------------------------------------------------+-------+
| Number of unique control sets                            |    10 |
| Unused register locations in slices containing registers |    15 |
+----------------------------------------------------------+-------+


2. Histogram
------------

+--------+--------------+
| Fanout | Control Sets |
+--------+--------------+
|    16+ |           10 |
+--------+--------------+


3. Flip-Flop Distribution
-------------------------

+--------------+-----------------------+------------------------+-----------------+--------------+
| Clock Enable | Synchronous Set/Reset | Asynchronous Set/Reset | Total Registers | Total Slices |
+--------------+-----------------------+------------------------+-----------------+--------------+
| No           | No                    | No                     |              26 |            7 |
| No           | No                    | Yes                    |               0 |            0 |
| No           | Yes                   | No                     |             151 |           46 |
| Yes          | No                    | No                     |               0 |            0 |
| Yes          | No                    | Yes                    |               0 |            0 |
| Yes          | Yes                   | No                     |             112 |           49 |
+--------------+-----------------------+------------------------+-----------------+--------------+


4. Detailed Control Set Information
-----------------------------------

+----------------+--------------------------------+------------------+------------------+----------------+
|  Clock Signal  |          Enable Signal         | Set/Reset Signal | Slice Load Count | Bel Load Count |
+----------------+--------------------------------+------------------+------------------+----------------+
|  sClk_BUFG     | Imp1/T6/E[0]                   | rst_IBUF         |                8 |             16 |
|  sClk_BUFG     | Imp1/T6/RFwriteEnab_o_reg_2[0] | rst_IBUF         |                7 |             16 |
|  sClk_BUFG     | Imp1/T6/RFwriteEnab_o_reg_4[0] | rst_IBUF         |                6 |             16 |
|  sClk_BUFG     | Imp1/T6/RFwriteEnab_o_reg_5[0] | rst_IBUF         |                7 |             16 |
|  sClk_BUFG     | Imp1/T6/RFwriteEnab_o_reg_3[0] | rst_IBUF         |                7 |             16 |
|  sClk_BUFG     | Imp1/T6/RFwriteEnab_o_reg_0[0] | rst_IBUF         |                8 |             16 |
|  sClk_BUFG     | Imp1/T6/RFwriteEnab_o_reg_1[0] | rst_IBUF         |                6 |             16 |
|  clk_IBUF_BUFG |                                | rst_IBUF         |                5 |             20 |
|  clk_IBUF_BUFG |                                |                  |                7 |             26 |
|  sClk_BUFG     |                                | rst_IBUF         |               41 |            131 |
+----------------+--------------------------------+------------------+------------------+----------------+


